<html>
<body>
<pre>
<h1>µVision Build Log</h1>
<h2>Tool Versions:</h2>
IDE-Version: µVision V5.20.0.39
Copyright (C) 2016 ARM Ltd and ARM Germany GmbH. All rights reserved.
License Information: Steven Lee, -, LIC=----
 
Tool Versions:
Toolchain:       MDK-Lite  Version: 5.24.1
Toolchain Path:  C:\Keil_v5\ARM\ARMCC\Bin
C Compiler:      Armcc.exe V5.06 update 5 (build 528)
Assembler:       Armasm.exe V5.06 update 5 (build 528)
Linker/Locator:  ArmLink.exe V5.06 update 5 (build 528)
Library Manager: ArmAr.exe V5.06 update 5 (build 528)
Hex Converter:   FromElf.exe V5.06 update 5 (build 528)
CPU DLL:         SARMCM3.DLL V5.24.1
Dialog DLL:      DCM.DLL V1.16.0.0
Target DLL:      STLink\ST-LINKIII-KEIL_SWO.dll V3.0.1.0
Dialog DLL:      TCM.DLL V1.32.0.0
 
<h2>Project:</h2>
D:\STM32\MPU6050\MDK-ARM\MPU6050.uvprojx
Project File Date:  01/16/2018

<h2>Output:</h2>
*** Using Compiler 'V5.06 update 5 (build 528)', folder: 'C:\Keil_v5\ARM\ARMCC\Bin'
Build target 'MPU6050'
compiling main.c...
../Src/main.c(82): warning:  #1295-D: Deprecated declaration write_LCD - give arg types
  void write_LCD();
../Src/main.c(83): warning:  #1295-D: Deprecated declaration read_MPU_6050_data - give arg types
  void read_MPU_6050_data();
../Src/main.c(84): warning:  #1295-D: Deprecated declaration micro - give arg types
  unsigned long micro();
../Src/main.c(369): warning:  #223-D: function "abs" declared implicitly
    if(lcd_loop_counter == 3)print(abs(angle_pitch_buffer)/1000);    //Print first number
../Src/main.c(370): warning:  #223-D: function "abs" declared implicitly
    if(lcd_loop_counter == 4)print((abs(angle_pitch_buffer)/100)%10);//Print second number
../Src/main.c(371): warning:  #223-D: function "abs" declared implicitly
    if(lcd_loop_counter == 5)print((abs(angle_pitch_buffer)/10)%10); //Print third number
../Src/main.c(373): warning:  #223-D: function "abs" declared implicitly
    if(lcd_loop_counter == 7)print(abs(angle_pitch_buffer)%10);      //Print decimal number
../Src/main.c(383): warning:  #223-D: function "abs" declared implicitly
    if(lcd_loop_counter == 10)print(abs(angle_roll_buffer)/1000);    //Print first number
../Src/main.c(384): warning:  #223-D: function "abs" declared implicitly
    if(lcd_loop_counter == 11)print((abs(angle_roll_buffer)/100)%10);//Print second number
../Src/main.c(385): warning:  #223-D: function "abs" declared implicitly
    if(lcd_loop_counter == 12)print((abs(angle_roll_buffer)/10)%10); //Print third number
../Src/main.c(387): warning:  #223-D: function "abs" declared implicitly
    if(lcd_loop_counter == 14)print(abs(angle_roll_buffer)%10);      //Print decimal number
../Src/main.c: 11 warnings, 0 errors
linking...
Program Size: Code=14712 RO-data=808 RW-data=128 ZI-data=1128  
"MPU6050\MPU6050.axf" - 0 Error(s), 11 Warning(s).

<h2>Software Packages used:</h2>

Package Vendor: ARM
                http://www.keil.com/pack/ARM.CMSIS.5.1.0.pack
                ARM::CMSIS:CORE:5.0.2
                CMSIS (Cortex Microcontroller Software Interface Standard)
   * Component: CORE Version: 5.0.2

<h2>Collection of Component include folders:</h2>
  D:\STM32\MPU6050\MDK-ARM\RTE
  C:\Keil_v5\ARM\PACK\ARM\CMSIS\5.1.0\CMSIS\Include
  C:\Keil_v5\ARM\PACK\Keil\STM32F1xx_DFP\2.2.0\Device\Include

<h2>Collection of Component Files used:</h2>

   * Component: ARM::CMSIS:CORE:5.0.2
Build Time Elapsed:  00:00:03
</pre>
</body>
</html>
